                                                           The SAS System                         02:35 Thursday, April 16, 2020   1

                                                        The MEANS Procedure

                     Variable                 N            Mean         Std Dev         Minimum         Maximum
                     ------------------------------------------------------------------------------------------
                     id                   65890         2692.28         1537.06       1.0000000         5336.00
                     tooth                65890      16.2909243       9.0216546       1.0000000      32.0000000
                     status               65890       0.0697071       0.2546547               0       1.0000000
                     time                 65890       2.2847429       1.8258954       0.0027397       5.6082192
                     diabetes_yn_10       65890       0.0927303       0.2900563               0       1.0000000
                     tobacco_use_yn_10    65890       0.2216118       0.4153343               0       1.0000000
                     male_yn_10           65890       0.4950220       0.4999790               0       1.0000000
                     age                  65890      58.4126575      18.0830695      16.0000000      90.0000000
                     age_stdzd            65890    -2.08342E-16       1.0000000      -2.3454346       1.7467910
                     ageQ1                65890       0.2521020       0.4342228               0       1.0000000
                     ageQ2                65890       0.2680680       0.4429566               0       1.0000000
                     ageQ3                65890       0.2463044       0.4308612               0       1.0000000
                     ageQ4                65890       0.2335256       0.4230769               0       1.0000000
                     mobility             65890       0.0370618       0.2369544               0       3.0000000
                     mobility1_0          65890       0.0219760       0.1466063               0       1.0000000
                     mobility2_0          65890       0.0048566       0.0695203               0       1.0000000
                     mobility3_0          65890       0.0017909       0.0422810               0       1.0000000
                     bop                  65890      11.7410330      22.0396789               0     100.0000000
                     bop_stdzd            65890    1.405166E-15       1.0000000      -0.5327225       4.0045487
                     plaque               65890      19.0451257      28.2822069               0     100.0000000
                     plaque_stdzd         65890     1.54553E-15       1.0000000      -0.6733960       2.8623959
                     pdmean               65890       2.5095679       0.7175421               0      12.0000000
                     pdmean_stdzd         65890    -1.83583E-15       1.0000000      -3.4974505      13.2263074
                     calmean              65890       2.6426278       0.9306840               0      15.0000000
                     calmean_stdzd        65890    -6.90161E-17       1.0000000      -2.8394468      13.2777308
                     crown_yn_10          65890       0.1841099       0.3875767               0       1.0000000
                     implant_yn_10        65890       0.0023221       0.0481321               0       1.0000000
                     molar_yn_10          65890       0.3899530       0.4877430               0       1.0000000
                     ------------------------------------------------------------------------------------------
                                                           The SAS System                         02:35 Thursday, April 16, 2020   2

                                                       The NLMIXED Procedure

                                                           Specifications

                                  Data Set                                    WORK.TEETH          
                                  Dependent Variable                          time                
                                  Distribution for Dependent Variable         General             
                                  Random Effects                              z1 z2               
                                  Distribution for Random Effects             Normal              
                                  Subject Variable                            id                  
                                  Optimization Technique                      Dual Quasi-Newton   
                                  Integration Method                          Gaussian Quadrature 
                                  Number of Threads                           72                  


                                                             Dimensions

                                              Observations Used                  65890
                                              Observations Not Used                  0
                                              Total Observations                 65890
                                              Subjects                            5336
                                              Max Obs per Subject                   30
                                              Parameters                            12
                                              Quadrature Points                    200


                                                         Initial Parameters
 
                                                                                           plaque_  calmean_
                                   diabetes_  tobacco_     male_  age_stdzd_  bop_stdzd_    stdzd_    stdzd_    crown_    molar_
       alpha   shape_c  gamma_c_z   beta_c_z  beta_c_z  beta_c_z    beta_c_z    beta_c_z  beta_c_z  beta_c_z  beta_c_z  beta_c_z

         0.5         1        0.1        0.1       0.1       0.1         0.1         0.1       0.1       0.1       0.1       0.1

                                                         Initial Parameters
 
                                                               Negative
                                                                    Log
                                                             Likelihood

                                                             32961.0201


                                                          Iteration History
 
                                                      Negative
                                                           Log                   Maximum
                                Iteration Calls     Likelihood    Difference    Gradient       Slope

                                       1      4     19203.3387      13757.68     3066.34    -7.473E7
                                       2      6     19177.9120      25.42669     1024.10    -42.7072
                                       3     12     19164.9058      13.00623     2508.70    -0.52340
                                       4     14     19147.9591      16.94674     938.575    -28.7594
                                       5     18     19107.7459      40.21318     3149.62    -7.51097
                                       6     21     18992.8426      114.9033     3960.37    -1.555E7
                                       7     23     18857.4535      135.3891     1238.80    -101.254
                                       8     26     18852.4351      5.018354     593.841    -7.81221
                                                           The SAS System                         02:35 Thursday, April 16, 2020   3

                                                       The NLMIXED Procedure

                                                          Iteration History
 
                                                      Negative
                                                           Log                   Maximum
                                Iteration Calls     Likelihood    Difference    Gradient       Slope

                                       9     29     18849.8603      2.574878     594.485    -0.99879
                                      10     35     18775.0317       74.8286     2452.64    -3.91141
                                      11     37     18663.7732      111.2585     626.356    -125.760
                                      12     41     18414.6737      249.0995     8407.81    -70.6612
                                      13     45     17773.5001      641.1735     5679.01    -357.209
                                      14     48     17432.1102      341.3899     4864.91    -333.636
                                      15     50     17106.9574      325.1528     3632.24    -320.043
                                      16     53     17088.5349      18.42246     4165.64    -180.606
                                      17     55     17079.5642      8.970654     3885.87    -27.3978
                                      18     57     17065.6709      13.89338     3772.10    -19.7254
                                      19     59     17041.3282      24.34272     3937.17    -13.5499
                                      20     63     16901.4794      139.8488     4499.49    -62.9500
                                      21     67     15918.5239      982.9555     2738.33    -350.182
                                      22     69     15401.0180      517.5059     3359.02    -1046.92
                                      23     71     15206.8146      194.2034     926.491    -783.812
                                      24     73     15036.5572      170.2574     1105.99    -315.329
                                      25     76     15005.4724       31.0848     702.755    -55.8229
                                      26     79     14991.5812      13.89114     681.424    -7.61907
                                      27     82     14990.6493      0.931908     681.809    -0.91991
                                      28     86     14988.7577      1.891659     676.297    -0.51251
                                      29     90     14977.1031      11.65458     676.166    -2.74400
                                      30     94     14827.8730        149.23     741.503    -16.0403
                                      31     96     14653.8191      174.0539     456.326    -129.005
                                      32     99     14597.4172      56.40186     366.228    -55.8658
                                      33    102     14592.7806      4.636633     412.777    -7.49225
                                      34    105     14592.4731      0.307486     398.027    -0.42916
                                      35    109     14590.9618      1.511343     443.769    -0.13247
                                      36    113     14586.7036      4.258195     354.432    -2.78632
                                      37    119     14457.8346       128.869     325.571    -3.66332
                                      38    122     14410.8960      46.93859     226.183    -108.212
                                      39    125     14402.8242      8.071854     218.413    -6.88864
                                      40    127     14393.4037      9.420455     249.010    -5.41379
                                      41    130     14390.0143       3.38943     254.603    -5.08701
                                      42    133     14389.8531      0.161207     259.761    -0.21746
                                      43    137     14388.3723      1.480767     289.476    -0.06496
                                      44    139     14386.0293      2.342993     270.964    -4.63402
                                      45    141     14384.1581      1.871213     283.119    -1.53209
                                      46    145     14378.8670      5.291067     288.299    -2.90976
                                      47    149     14309.0981      69.76892     464.807    -7.33517
                                      48    152     14296.9674      12.13072     167.154    -19.9126
                                      49    155     14295.6254      1.342026     167.284    -2.18607
                                      50    158     14295.4072      0.218123     169.224    -0.28976
                                      51    160     14295.3349       0.07237     164.222    -0.03205
                                      52    164     14294.9101      0.424779     169.187    -0.23633
                                      53    172     14180.1482      114.7619     1031.99    -0.61637
                                      54    175     14111.7169      68.43129     380.950    -141.808
                                      55    178     14102.5311      9.185799     100.901    -17.4807
                                      56    181     14097.2912      5.239902     131.651    -2.94630
                                      57    185     14038.5711       58.7201     200.005    -6.94026
                                                           The SAS System                         02:35 Thursday, April 16, 2020   4

                                                       The NLMIXED Procedure

                                                          Iteration History
 
                                                      Negative
                                                           Log                   Maximum
                                Iteration Calls     Likelihood    Difference    Gradient       Slope

                                      58    188     14032.1737      6.397388     125.660    -14.8050
                                      59    191     14031.5639      0.609737     137.448    -0.97013
                                      60    194     14031.4890      0.074891     138.755    -0.09530
                                      61    197     14031.4667      0.022358     137.180    -0.01729
                                      62    203     14028.2436      3.223097     132.399    -0.02163
                                      63    205     14027.0845       1.15908     130.737    -4.34234
                                      64    207     14025.6748       1.40976     126.678    -2.58574
                                      65    211     14019.2199      6.454886     162.099    -0.21913
                                      66    213     14012.4209      6.798998     94.7751    -10.6947
                                      67    215     14008.5041       3.91677     188.312    -2.09655
                                      68    219     13997.6037      10.90045     52.6124    -10.3293
                                      69    222     13990.6669      6.936772     21.2152    -6.42217
                                      70    225     13990.6280      0.038863     20.2354    -0.07924
                                      71    228     13990.6270      0.001045     19.9301    -0.00158
                                      72    234     13990.6007      0.026283     20.5372    -0.00042
                                      73    236     13990.5705      0.030231     19.7843    -0.05210
                                      74    238     13990.5394      0.031103     20.0174    -0.00534
                                      75    244     13985.5625      4.976852     68.0749    -0.05638
                                      76    247     13985.0799      0.482649     14.0923    -0.77231
                                      77    249     13984.6036      0.476212     20.8112    -0.08665
                                      78    251     13984.4027      0.200892     22.5415    -0.38610
                                      79    253     13984.3003      0.102434     21.8910    -0.31395
                                      80    256     13984.2446      0.055719     22.1549    -0.11162
                                      81    260     13984.2408      0.003751     22.3259    -0.00022
                                      82    262     13984.2346      0.006225     22.0541    -0.00725
                                      83    264     13984.2250      0.009618     21.7457    -0.00555
                                      84    268     13984.1205      0.104549     29.0273    -0.01581
                                      85    272     13983.3425      0.777962     34.2102    -0.17907
                                      86    274     13982.5796      0.762918     6.31071    -0.59849
                                      87    277     13982.5448      0.034748     6.47759    -0.06746
                                      88    280     13982.5448      0.000059     6.48924    -0.00010
                                      89    286     13982.5347      0.010023     6.34263    -0.00002
                                      90    289     13982.5300      0.004708     6.39551    -0.00894
                                      91    293     13982.5278      0.002205     6.39556    -0.00021
                                      92    297     13982.5209      0.006924     6.33566    -0.00407
                                      93    303     13982.2466      0.274289     20.1580    -0.00646
                                      94    306     13982.1138      0.132827     2.67907    -0.24071
                                      95    308     13982.0574      0.056348     5.47918    -0.01201
                                      96    311     13982.0354      0.021996     0.15506    -0.03104
                                      97    314     13982.0354      0.000068    0.008947    -0.00014
                                      98    317     13982.0354      1.295E-8    0.000116    -2.61E-8


                                            NOTE: FCONV convergence criterion satisfied.          


                                                           Fit Statistics

                                              -2 Log Likelihood                  27964
                                              AIC (smaller is better)            27988
                                                           The SAS System                         02:35 Thursday, April 16, 2020   5

                                                       The NLMIXED Procedure

                                                           Fit Statistics

                                              AICC (smaller is better)           27988
                                              BIC (smaller is better)            28067


                                                        Parameter Estimates
 
                                               Standard                                      95% Confidence
         Parameter                 Estimate       Error      DF    t Value    Pr > |t|           Limits           Gradient

         alpha                       0.5608     0.01028    5334      54.54      <.0001      0.5407      0.5810    -0.00012
         shape_c                     1.1108     0.01542    5334      72.05      <.0001      1.0806      1.1411    -0.00006
         gamma_c_z                  -5.7413     0.08921    5334     -64.36      <.0001     -5.9162     -5.5665    -0.00001
         diabetes_beta_c_z           0.3837      0.1344    5334       2.85      0.0043      0.1202      0.6473    3.744E-7
         tobacco_beta_c_z            1.4113      0.1022    5334      13.81      <.0001      1.2109      1.6117    5.762E-6
         male_beta_c_z               0.2203     0.08795    5334       2.51      0.0123     0.04792      0.3928    -0.00001
         age_stdzd_beta_c_z          0.2422     0.05204    5334       4.65      <.0001      0.1402      0.3442    -0.00002
         bop_stdzd_beta_c_z          0.1317     0.01872    5334       7.04      <.0001     0.09503      0.1684     -2.4E-6
         plaque_stdzd_beta_c_z     -0.02104     0.02399    5334      -0.88      0.3806    -0.06807     0.02599    -4.55E-6
         calmean_stdzd_beta_c_z      0.3669     0.01719    5334      21.35      <.0001      0.3332      0.4006    0.000035
         crown_beta_c_z              0.1998     0.04713    5334       4.24      <.0001      0.1074      0.2922    -0.00002
         molar_beta_c_z              0.3737     0.03598    5334      10.38      <.0001      0.3031      0.4442    -0.00003
